<?xml version="1.0" encoding="utf-8"?>
<TestRun id="37a87e75-1079-4275-a8db-ad5a03238420" name="@WPP-SEHERNANDEZC 2024-04-09 13:14:14" xmlns="http://microsoft.com/schemas/VisualStudio/TeamTest/2010">
  <Times creation="2024-04-09T13:14:14.8063008+02:00" queuing="2024-04-09T13:14:14.8063009+02:00" start="2024-04-09T13:14:14.3073736+02:00" finish="2024-04-09T13:14:15.2688637+02:00" />
  <TestSettings name="default" id="9c2c31ed-44ca-4b4d-b958-5655752bb569">
    <Deployment runDeploymentRoot="_WPP-SEHERNANDEZC_2024-04-09_13_14_14" />
  </TestSettings>
  <Results>
    <UnitTestResult executionId="93399197-87ae-46fb-b792-cb8bff535eee" testId="e6d82a80-d4a3-0159-f45e-6e36e40c9371" testName="Chat.Client.Library.Tests.ChatClientTests.OverwriteLastLine_ShouldBeRaised_IfOneMessageAndAuthorIsWhoseIsLogged" computerName="WPP-SEHERNANDEZC" duration="00:00:00.0977015" startTime="2024-04-09T13:14:15.2159350+02:00" endTime="2024-04-09T13:14:15.2159351+02:00" testType="13cdc9d9-ddb5-4fa4-a97d-d965ccfc6d4b" outcome="Passed" testListId="8c84fa94-04c1-424b-9868-57a2d4851a1d" relativeResultsDirectory="93399197-87ae-46fb-b792-cb8bff535eee" />
    <UnitTestResult executionId="576d196a-2914-4308-b0ad-b909ae7f6be1" testId="bbd90820-8bf0-41c9-b3f0-c47094b33f42" testName="Chat.Client.Library.Tests.ChatClientTests.NewMessageRecived_ShouldBeRaised_IfConnect" computerName="WPP-SEHERNANDEZC" duration="00:00:00.1025973" startTime="2024-04-09T13:14:15.1179696+02:00" endTime="2024-04-09T13:14:15.1179696+02:00" testType="13cdc9d9-ddb5-4fa4-a97d-d965ccfc6d4b" outcome="Passed" testListId="8c84fa94-04c1-424b-9868-57a2d4851a1d" relativeResultsDirectory="576d196a-2914-4308-b0ad-b909ae7f6be1" />
    <UnitTestResult executionId="64d3dd31-64b5-4f7f-a037-0a0312106e29" testId="e0aecdef-392c-66b3-0a84-fce8ce751f51" testName="Chat.Client.Library.Tests.UserApiClientTests.LoginAsync_ShouldBeUser_IfUserExistsAndCorrectPassword" computerName="WPP-SEHERNANDEZC" duration="00:00:00.0033116" startTime="2024-04-09T13:14:14.7825076+02:00" endTime="2024-04-09T13:14:14.7825077+02:00" testType="13cdc9d9-ddb5-4fa4-a97d-d965ccfc6d4b" outcome="Passed" testListId="8c84fa94-04c1-424b-9868-57a2d4851a1d" relativeResultsDirectory="64d3dd31-64b5-4f7f-a037-0a0312106e29" />
    <UnitTestResult executionId="37ab8112-5917-4213-81df-a5455e54a1ae" testId="bc3d1e6f-59e3-f8d7-8b66-0e4ab70ef9a1" testName="Chat.Client.Library.Tests.ChatClientTests.SendMessageAsync_ShouldBeFalse_IfNotLogged" computerName="WPP-SEHERNANDEZC" duration="00:00:00.0005067" startTime="2024-04-09T13:14:15.2182223+02:00" endTime="2024-04-09T13:14:15.2182224+02:00" testType="13cdc9d9-ddb5-4fa4-a97d-d965ccfc6d4b" outcome="Passed" testListId="8c84fa94-04c1-424b-9868-57a2d4851a1d" relativeResultsDirectory="37ab8112-5917-4213-81df-a5455e54a1ae" />
    <UnitTestResult executionId="4ffed6d7-055d-4eaa-b0b6-132070db0a81" testId="886822af-33e9-4d08-27b9-f5e6e1fcb7c0" testName="Chat.Client.Library.Tests.ChatClientTests.OverwriteLastLine_ShouldNotBeRaised_IfMoreThanOneMessage" computerName="WPP-SEHERNANDEZC" duration="00:00:00.1042478" startTime="2024-04-09T13:14:14.8994886+02:00" endTime="2024-04-09T13:14:14.8994887+02:00" testType="13cdc9d9-ddb5-4fa4-a97d-d965ccfc6d4b" outcome="Passed" testListId="8c84fa94-04c1-424b-9868-57a2d4851a1d" relativeResultsDirectory="4ffed6d7-055d-4eaa-b0b6-132070db0a81" />
    <UnitTestResult executionId="343702ea-bb3a-4a0f-9943-41d27221e660" testId="03be180b-54c3-8e98-9a15-bf7c3aa4806d" testName="Chat.Client.Library.Tests.ChatApiClientTests.SendMessageAsync_ShouldBeFalse_IfAuthorIsNullOrEmpty" computerName="WPP-SEHERNANDEZC" duration="00:00:00.0005992" startTime="2024-04-09T13:14:14.7836233+02:00" endTime="2024-04-09T13:14:14.7836234+02:00" testType="13cdc9d9-ddb5-4fa4-a97d-d965ccfc6d4b" outcome="Passed" testListId="8c84fa94-04c1-424b-9868-57a2d4851a1d" relativeResultsDirectory="343702ea-bb3a-4a0f-9943-41d27221e660" />
    <UnitTestResult executionId="790117eb-c036-462d-a2c7-d0b3c249dd7d" testId="9c9b7b5e-8d5c-9d9b-d153-23cf46ee3429" testName="Chat.Client.Library.Tests.UserApiClientTests.LoginAsync_ShouldBeNull_IfHttpRequestException" computerName="WPP-SEHERNANDEZC" duration="00:00:00.0004425" startTime="2024-04-09T13:14:14.7825952+02:00" endTime="2024-04-09T13:14:14.7825952+02:00" testType="13cdc9d9-ddb5-4fa4-a97d-d965ccfc6d4b" outcome="Passed" testListId="8c84fa94-04c1-424b-9868-57a2d4851a1d" relativeResultsDirectory="790117eb-c036-462d-a2c7-d0b3c249dd7d" />
    <UnitTestResult executionId="cb7de8cf-5100-4a11-8f2a-b2ad5cf9206c" testId="87786916-880b-f476-9816-9f840792f5ed" testName="Chat.Client.Library.Tests.UserApiClientTests.CreateUserAsync_ShouldBeNull_IfHttpRequestException" computerName="WPP-SEHERNANDEZC" duration="00:00:00.0089793" startTime="2024-04-09T13:14:14.7589058+02:00" endTime="2024-04-09T13:14:14.7589059+02:00" testType="13cdc9d9-ddb5-4fa4-a97d-d965ccfc6d4b" outcome="Passed" testListId="8c84fa94-04c1-424b-9868-57a2d4851a1d" relativeResultsDirectory="cb7de8cf-5100-4a11-8f2a-b2ad5cf9206c" />
    <UnitTestResult executionId="62064249-79ce-4957-9893-5ee576ed6701" testId="6129790a-45a3-a834-e804-994a266931db" testName="Chat.Client.Library.Tests.ChatClientTests.OverwriteLastLine_ShouldNotBeRaised_IfOneMessageAndAuthorIsOther" computerName="WPP-SEHERNANDEZC" duration="00:00:00.1024333" startTime="2024-04-09T13:14:15.0042194+02:00" endTime="2024-04-09T13:14:15.0042195+02:00" testType="13cdc9d9-ddb5-4fa4-a97d-d965ccfc6d4b" outcome="Passed" testListId="8c84fa94-04c1-424b-9868-57a2d4851a1d" relativeResultsDirectory="62064249-79ce-4957-9893-5ee576ed6701" />
    <UnitTestResult executionId="ba0fd2ae-7673-4dce-80ed-8940b5a99369" testId="5e5f5cdc-689d-b9ea-aa9c-a121ca1a3177" testName="Chat.Client.Library.Tests.UserApiClientTests.CreateUserAsync_ShouldBeUser_IfUserNotExists" computerName="WPP-SEHERNANDEZC" duration="00:00:00.0004264" startTime="2024-04-09T13:14:14.7826190+02:00" endTime="2024-04-09T13:14:14.7826190+02:00" testType="13cdc9d9-ddb5-4fa4-a97d-d965ccfc6d4b" outcome="Passed" testListId="8c84fa94-04c1-424b-9868-57a2d4851a1d" relativeResultsDirectory="ba0fd2ae-7673-4dce-80ed-8940b5a99369" />
    <UnitTestResult executionId="f332239e-06c9-4692-8ac0-72ec9db9c775" testId="f326169e-95a6-edd3-a352-c7cb0e75f7a8" testName="Chat.Client.Library.Tests.ChatClientTests.LoginAsync_ShouldBeArgumentNullException_IfArgumentNull" computerName="WPP-SEHERNANDEZC" duration="00:00:00.0011813" startTime="2024-04-09T13:14:15.2194474+02:00" endTime="2024-04-09T13:14:15.2194475+02:00" testType="13cdc9d9-ddb5-4fa4-a97d-d965ccfc6d4b" outcome="Passed" testListId="8c84fa94-04c1-424b-9868-57a2d4851a1d" relativeResultsDirectory="f332239e-06c9-4692-8ac0-72ec9db9c775" />
    <UnitTestResult executionId="32b9b8b1-9574-4b53-8292-83ac9daba00c" testId="1c3ffc7e-d0c6-4756-49b4-b7562cd99d23" testName="Chat.Client.Library.Tests.ChatClientTests.LoginAsync_ShouldBeExpectedResult(expected: False, username: &quot;Usuario2&quot;, password: &quot;&quot;)" computerName="WPP-SEHERNANDEZC" duration="00:00:00.0007418" startTime="2024-04-09T13:14:14.7938884+02:00" endTime="2024-04-09T13:14:14.7938884+02:00" testType="13cdc9d9-ddb5-4fa4-a97d-d965ccfc6d4b" outcome="Passed" testListId="8c84fa94-04c1-424b-9868-57a2d4851a1d" relativeResultsDirectory="32b9b8b1-9574-4b53-8292-83ac9daba00c" />
    <UnitTestResult executionId="1fa24cd9-315b-4a1d-b332-0d4333f8f7b2" testId="07d2ac0c-5941-21dc-41e9-110102b7595a" testName="Chat.Client.Library.Tests.ChatClientTests.SendMessageAsync_ShouldBeTrue_IfLoggedAndConnected" computerName="WPP-SEHERNANDEZC" duration="00:00:00.0017655" startTime="2024-04-09T13:14:15.2177344+02:00" endTime="2024-04-09T13:14:15.2177344+02:00" testType="13cdc9d9-ddb5-4fa4-a97d-d965ccfc6d4b" outcome="Passed" testListId="8c84fa94-04c1-424b-9868-57a2d4851a1d" relativeResultsDirectory="1fa24cd9-315b-4a1d-b332-0d4333f8f7b2" />
    <UnitTestResult executionId="dc3b854e-6bb5-4c1c-962e-8dd320267e01" testId="8a9d4af7-0da7-754a-2973-40c1119b55e7" testName="Chat.Client.Library.Tests.CryptographyHelperTests.CalculateHash_ShouldBeExpectedHash(password: &quot;Agent 007&quot;, expected: &quot;CB01AFE8663B8E0F90E25FD1636C55C3&quot;)" computerName="WPP-SEHERNANDEZC" duration="00:00:00.0000192" startTime="2024-04-09T13:14:14.7823997+02:00" endTime="2024-04-09T13:14:14.7823997+02:00" testType="13cdc9d9-ddb5-4fa4-a97d-d965ccfc6d4b" outcome="Passed" testListId="8c84fa94-04c1-424b-9868-57a2d4851a1d" relativeResultsDirectory="dc3b854e-6bb5-4c1c-962e-8dd320267e01" />
    <UnitTestResult executionId="648d2730-d893-4a71-a191-537d5a4430e7" testId="c1d71d53-6880-808d-c3fa-b80fbf377dd3" testName="Chat.Client.Library.Tests.UserApiClientTests.LoginAsync_ShouldBeNull_IfUserExistsAndIncorrectPassword" computerName="WPP-SEHERNANDEZC" duration="00:00:00.0003756" startTime="2024-04-09T13:14:14.7825567+02:00" endTime="2024-04-09T13:14:14.7825568+02:00" testType="13cdc9d9-ddb5-4fa4-a97d-d965ccfc6d4b" outcome="Passed" testListId="8c84fa94-04c1-424b-9868-57a2d4851a1d" relativeResultsDirectory="648d2730-d893-4a71-a191-537d5a4430e7" />
    <UnitTestResult executionId="95132b9f-1473-4666-9723-af00caf26ae8" testId="5277c181-438a-288a-47ce-6e6ea5e515d6" testName="Chat.Client.Library.Tests.ChatApiClientTests.SendMessageAsync_ShouldBeFalse_IfMessageIsNullOrEmpty" computerName="WPP-SEHERNANDEZC" duration="00:00:00.0022519" startTime="2024-04-09T13:14:14.7826555+02:00" endTime="2024-04-09T13:14:14.7826555+02:00" testType="13cdc9d9-ddb5-4fa4-a97d-d965ccfc6d4b" outcome="Passed" testListId="8c84fa94-04c1-424b-9868-57a2d4851a1d" relativeResultsDirectory="95132b9f-1473-4666-9723-af00caf26ae8" />
    <UnitTestResult executionId="d025e600-fa8a-4827-8e2c-b566c334a4cc" testId="7e39da24-074e-aa46-2187-02606e09f3ac" testName="Chat.Client.Library.Tests.ChatClientTests.CreateUserAsync_ShouldBeExpectedResult(expected: False, username: &quot;Usuario2&quot;, password: &quot;&quot;)" computerName="WPP-SEHERNANDEZC" duration="00:00:00.0009804" startTime="2024-04-09T13:14:14.9011309+02:00" endTime="2024-04-09T13:14:14.9011310+02:00" testType="13cdc9d9-ddb5-4fa4-a97d-d965ccfc6d4b" outcome="Passed" testListId="8c84fa94-04c1-424b-9868-57a2d4851a1d" relativeResultsDirectory="d025e600-fa8a-4827-8e2c-b566c334a4cc" />
    <UnitTestResult executionId="01e97c2e-a9be-428f-be64-9aec6c23bb93" testId="c2d6efb8-c877-2b88-60fa-73d2fea29ef7" testName="Chat.Client.Library.Tests.ChatClientTests.CreateUserAsync_ShouldBeArgumentNullException_IfArgumentNull" computerName="WPP-SEHERNANDEZC" duration="00:00:00.0110457" startTime="2024-04-09T13:14:15.0153545+02:00" endTime="2024-04-09T13:14:15.0153546+02:00" testType="13cdc9d9-ddb5-4fa4-a97d-d965ccfc6d4b" outcome="Passed" testListId="8c84fa94-04c1-424b-9868-57a2d4851a1d" relativeResultsDirectory="01e97c2e-a9be-428f-be64-9aec6c23bb93" />
    <UnitTestResult executionId="8e472c28-d21b-43f5-9d12-8a59b8326ab0" testId="5b0a19f6-91ce-4af8-f0c6-24405d7164b5" testName="Chat.Client.Library.Tests.ChatMessageHelperTests.GenerateString_ShouldBeExpectedMessage(message: ChatMessage { Author = &quot;Author1&quot;, Date = 2024-04-09T13:16:14.7372800+02:00, IdChatMessage = 0, Message = &quot;How are you?&quot; }, expected: &quot;13 16 14:Author1-&gt;How are you?&quot;)" computerName="WPP-SEHERNANDEZC" duration="00:00:00.0000087" startTime="2024-04-09T13:14:14.7604879+02:00" endTime="2024-04-09T13:14:14.7604880+02:00" testType="13cdc9d9-ddb5-4fa4-a97d-d965ccfc6d4b" outcome="Passed" testListId="8c84fa94-04c1-424b-9868-57a2d4851a1d" relativeResultsDirectory="8e472c28-d21b-43f5-9d12-8a59b8326ab0" />
    <UnitTestResult executionId="8a78b33b-85d0-47aa-93ef-6167c1b7014c" testId="a8c8e247-5b95-cf29-ea76-1a8f6f75c0df" testName="Chat.Client.Library.Tests.CryptographyHelperTests.CalculateHash_ShouldBeExpectedHash(password: &quot;P2ssw0rd!&quot;, expected: &quot;52EEB7C9152B99A843345EF76FFD6411&quot;)" computerName="WPP-SEHERNANDEZC" duration="00:00:00.0075899" startTime="2024-04-09T13:14:14.7592309+02:00" endTime="2024-04-09T13:14:14.7592310+02:00" testType="13cdc9d9-ddb5-4fa4-a97d-d965ccfc6d4b" outcome="Passed" testListId="8c84fa94-04c1-424b-9868-57a2d4851a1d" relativeResultsDirectory="8a78b33b-85d0-47aa-93ef-6167c1b7014c" />
    <UnitTestResult executionId="bbdf02ed-096b-4afa-95c6-e826d29ea44c" testId="f71cfa62-4ee6-f559-e68c-6c50ff6d70aa" testName="Chat.Client.Library.Tests.ChatApiClientTests.GetChatMessagesAsync_ShouldHaveCount1_" computerName="WPP-SEHERNANDEZC" duration="00:00:00.0166870" startTime="2024-04-09T13:14:14.7826324+02:00" endTime="2024-04-09T13:14:14.7826324+02:00" testType="13cdc9d9-ddb5-4fa4-a97d-d965ccfc6d4b" outcome="Passed" testListId="8c84fa94-04c1-424b-9868-57a2d4851a1d" relativeResultsDirectory="bbdf02ed-096b-4afa-95c6-e826d29ea44c" />
    <UnitTestResult executionId="e17a41fa-d399-48b9-a167-9d3842c5964c" testId="c03cb76b-f689-b650-c5f6-2992ff56c1e3" testName="Chat.Client.Library.Tests.ChatClientTests.LoginAsync_ShouldBeExpectedResult(expected: True, username: &quot;Usuario1&quot;, password: &quot;P2ssw0rd!&quot;)" computerName="WPP-SEHERNANDEZC" duration="00:00:00.0500750" startTime="2024-04-09T13:14:14.7931062+02:00" endTime="2024-04-09T13:14:14.7931063+02:00" testType="13cdc9d9-ddb5-4fa4-a97d-d965ccfc6d4b" outcome="Passed" testListId="8c84fa94-04c1-424b-9868-57a2d4851a1d" relativeResultsDirectory="e17a41fa-d399-48b9-a167-9d3842c5964c" />
    <UnitTestResult executionId="ab89a738-b249-4f13-8b53-e03c30c9458c" testId="5b0a19f6-91ce-4af8-f0c6-24405d7164b5" testName="Chat.Client.Library.Tests.ChatMessageHelperTests.GenerateString_ShouldBeExpectedMessage(message: ChatMessage { Author = &quot;Author2&quot;, Date = 2024-04-09T13:15:14.7372800+02:00, IdChatMessage = 0, Message = &quot;Hello Author1&quot; }, expected: &quot;13 15 14:Author2-&gt;Hello Author1&quot;)" computerName="WPP-SEHERNANDEZC" duration="00:00:00.0002081" startTime="2024-04-09T13:14:14.7603545+02:00" endTime="2024-04-09T13:14:14.7603546+02:00" testType="13cdc9d9-ddb5-4fa4-a97d-d965ccfc6d4b" outcome="Passed" testListId="8c84fa94-04c1-424b-9868-57a2d4851a1d" relativeResultsDirectory="ab89a738-b249-4f13-8b53-e03c30c9458c" />
    <UnitTestResult executionId="e977ba93-d979-4b46-9150-2eb47d73eeee" testId="534aaada-bca1-534a-7cb0-ac746728d66d" testName="Chat.Client.Library.Tests.UserApiClientTests.CreateUserAsync_ShouldBeNull_IfUserExists" computerName="WPP-SEHERNANDEZC" duration="00:00:00.0006206" startTime="2024-04-09T13:14:14.7825368+02:00" endTime="2024-04-09T13:14:14.7825369+02:00" testType="13cdc9d9-ddb5-4fa4-a97d-d965ccfc6d4b" outcome="Passed" testListId="8c84fa94-04c1-424b-9868-57a2d4851a1d" relativeResultsDirectory="e977ba93-d979-4b46-9150-2eb47d73eeee" />
    <UnitTestResult executionId="145d6dd3-2ccf-4814-b747-6b7dbb0dba71" testId="5b0a19f6-91ce-4af8-f0c6-24405d7164b5" testName="Chat.Client.Library.Tests.ChatMessageHelperTests.GenerateString_ShouldBeExpectedMessage(message: ChatMessage { Author = &quot;Author1&quot;, Date = 2024-04-09T13:14:14.7372800+02:00, IdChatMessage = 0, Message = &quot;Hello everybody!&quot; }, expected: &quot;13 14 14:Author1-&gt;Hello everybody!&quot;)" computerName="WPP-SEHERNANDEZC" duration="00:00:00.0075631" startTime="2024-04-09T13:14:14.7557236+02:00" endTime="2024-04-09T13:14:14.7557363+02:00" testType="13cdc9d9-ddb5-4fa4-a97d-d965ccfc6d4b" outcome="Passed" testListId="8c84fa94-04c1-424b-9868-57a2d4851a1d" relativeResultsDirectory="145d6dd3-2ccf-4814-b747-6b7dbb0dba71" />
    <UnitTestResult executionId="301aebd3-6e8c-418a-aec2-4345ee96bd43" testId="be08b3d6-01a2-98f2-f857-b174697deab4" testName="Chat.Client.Library.Tests.CryptographyHelperTests.CalculateHash_ShouldBeExpectedHash(password: &quot;How beautiful you are&quot;, expected: &quot;EB80AAFA5B98425B584A4F8B61503F48&quot;)" computerName="WPP-SEHERNANDEZC" duration="00:00:00.0002169" startTime="2024-04-09T13:14:14.7605766+02:00" endTime="2024-04-09T13:14:14.7605766+02:00" testType="13cdc9d9-ddb5-4fa4-a97d-d965ccfc6d4b" outcome="Passed" testListId="8c84fa94-04c1-424b-9868-57a2d4851a1d" relativeResultsDirectory="301aebd3-6e8c-418a-aec2-4345ee96bd43" />
    <UnitTestResult executionId="3a33b74e-14b0-4fb0-8dfc-c9884dc7a7ea" testId="d9ed0fc5-e96d-a2dd-4d9f-bcab8c0819ec" testName="Chat.Client.Library.Tests.UserApiClientTests.LoginAsync_ShouldBeNull_IfUserNotExists" computerName="WPP-SEHERNANDEZC" duration="00:00:00.0003121" startTime="2024-04-09T13:14:14.7825755+02:00" endTime="2024-04-09T13:14:14.7825756+02:00" testType="13cdc9d9-ddb5-4fa4-a97d-d965ccfc6d4b" outcome="Passed" testListId="8c84fa94-04c1-424b-9868-57a2d4851a1d" relativeResultsDirectory="3a33b74e-14b0-4fb0-8dfc-c9884dc7a7ea" />
    <UnitTestResult executionId="658d7d37-dc70-4dfe-bd25-5cbfac98aaab" testId="3b263af1-ec46-6dd1-357b-5dd12ef32cbd" testName="Chat.Client.Library.Tests.ChatClientTests.CreateUserAsync_ShouldBeExpectedResult(expected: True, username: &quot;Usuario1&quot;, password: &quot;P2ssw0rd!&quot;)" computerName="WPP-SEHERNANDEZC" duration="00:00:00.0004633" startTime="2024-04-09T13:14:14.9016468+02:00" endTime="2024-04-09T13:14:14.9016469+02:00" testType="13cdc9d9-ddb5-4fa4-a97d-d965ccfc6d4b" outcome="Passed" testListId="8c84fa94-04c1-424b-9868-57a2d4851a1d" relativeResultsDirectory="658d7d37-dc70-4dfe-bd25-5cbfac98aaab" />
    <UnitTestResult executionId="6e56fbb5-e80c-424a-b897-cbd0dac8cb6f" testId="262e2064-922c-c249-6b1a-5794ad30eca9" testName="Chat.Client.Library.Tests.ChatApiClientTests.SendMessageAsync_ShouldBeTrue_IfAuthorAndMessageAreNotNullOrEmpty" computerName="WPP-SEHERNANDEZC" duration="00:00:00.0007066" startTime="2024-04-09T13:14:14.7836527+02:00" endTime="2024-04-09T13:14:14.7836527+02:00" testType="13cdc9d9-ddb5-4fa4-a97d-d965ccfc6d4b" outcome="Passed" testListId="8c84fa94-04c1-424b-9868-57a2d4851a1d" relativeResultsDirectory="6e56fbb5-e80c-424a-b897-cbd0dac8cb6f" />
  </Results>
  <TestDefinitions>
    <UnitTest name="Chat.Client.Library.Tests.ChatClientTests.LoginAsync_ShouldBeExpectedResult(expected: False, username: &quot;Usuario2&quot;, password: &quot;&quot;)" storage="/home/sehernandezc/sergio/cursos_.net_testing_de_aplicaciones.net_con_xunit_y_moq2024/modulo 6  temas adicionales, tipologia, tdd, cobertura/practicas y descargas/lab.240-ejercicio de prácticas/test/chat.client.library.tests/bin/debug/net9.0/chat.client.library.tests.dll" id="1c3ffc7e-d0c6-4756-49b4-b7562cd99d23">
      <Execution id="32b9b8b1-9574-4b53-8292-83ac9daba00c" />
      <TestMethod codeBase="/home/sehernandezc/sergio/Cursos_.NET_Testing_de_aplicaciones.NET_con_xUnit_y_Moq2024/Modulo 6  temas adicionales, tipologia, TDD, cobertura/Practicas y Descargas/Lab.240-Ejercicio de prácticas/test/Chat.Client.Library.Tests/bin/Debug/net9.0/Chat.Client.Library.Tests.dll" adapterTypeName="executor://xunit/VsTestRunner2/netcoreapp" className="Chat.Client.Library.Tests.ChatClientTests" name="LoginAsync_ShouldBeExpectedResult" />
    </UnitTest>
    <UnitTest name="Chat.Client.Library.Tests.ChatApiClientTests.GetChatMessagesAsync_ShouldHaveCount1_" storage="/home/sehernandezc/sergio/cursos_.net_testing_de_aplicaciones.net_con_xunit_y_moq2024/modulo 6  temas adicionales, tipologia, tdd, cobertura/practicas y descargas/lab.240-ejercicio de prácticas/test/chat.client.library.tests/bin/debug/net9.0/chat.client.library.tests.dll" id="f71cfa62-4ee6-f559-e68c-6c50ff6d70aa">
      <Execution id="bbdf02ed-096b-4afa-95c6-e826d29ea44c" />
      <TestMethod codeBase="/home/sehernandezc/sergio/Cursos_.NET_Testing_de_aplicaciones.NET_con_xUnit_y_Moq2024/Modulo 6  temas adicionales, tipologia, TDD, cobertura/Practicas y Descargas/Lab.240-Ejercicio de prácticas/test/Chat.Client.Library.Tests/bin/Debug/net9.0/Chat.Client.Library.Tests.dll" adapterTypeName="executor://xunit/VsTestRunner2/netcoreapp" className="Chat.Client.Library.Tests.ChatApiClientTests" name="GetChatMessagesAsync_ShouldHaveCount1_" />
    </UnitTest>
    <UnitTest name="Chat.Client.Library.Tests.UserApiClientTests.CreateUserAsync_ShouldBeNull_IfUserExists" storage="/home/sehernandezc/sergio/cursos_.net_testing_de_aplicaciones.net_con_xunit_y_moq2024/modulo 6  temas adicionales, tipologia, tdd, cobertura/practicas y descargas/lab.240-ejercicio de prácticas/test/chat.client.library.tests/bin/debug/net9.0/chat.client.library.tests.dll" id="534aaada-bca1-534a-7cb0-ac746728d66d">
      <Execution id="e977ba93-d979-4b46-9150-2eb47d73eeee" />
      <TestMethod codeBase="/home/sehernandezc/sergio/Cursos_.NET_Testing_de_aplicaciones.NET_con_xUnit_y_Moq2024/Modulo 6  temas adicionales, tipologia, TDD, cobertura/Practicas y Descargas/Lab.240-Ejercicio de prácticas/test/Chat.Client.Library.Tests/bin/Debug/net9.0/Chat.Client.Library.Tests.dll" adapterTypeName="executor://xunit/VsTestRunner2/netcoreapp" className="Chat.Client.Library.Tests.UserApiClientTests" name="CreateUserAsync_ShouldBeNull_IfUserExists" />
    </UnitTest>
    <UnitTest name="Chat.Client.Library.Tests.ChatClientTests.CreateUserAsync_ShouldBeArgumentNullException_IfArgumentNull" storage="/home/sehernandezc/sergio/cursos_.net_testing_de_aplicaciones.net_con_xunit_y_moq2024/modulo 6  temas adicionales, tipologia, tdd, cobertura/practicas y descargas/lab.240-ejercicio de prácticas/test/chat.client.library.tests/bin/debug/net9.0/chat.client.library.tests.dll" id="c2d6efb8-c877-2b88-60fa-73d2fea29ef7">
      <Execution id="01e97c2e-a9be-428f-be64-9aec6c23bb93" />
      <TestMethod codeBase="/home/sehernandezc/sergio/Cursos_.NET_Testing_de_aplicaciones.NET_con_xUnit_y_Moq2024/Modulo 6  temas adicionales, tipologia, TDD, cobertura/Practicas y Descargas/Lab.240-Ejercicio de prácticas/test/Chat.Client.Library.Tests/bin/Debug/net9.0/Chat.Client.Library.Tests.dll" adapterTypeName="executor://xunit/VsTestRunner2/netcoreapp" className="Chat.Client.Library.Tests.ChatClientTests" name="CreateUserAsync_ShouldBeArgumentNullException_IfArgumentNull" />
    </UnitTest>
    <UnitTest name="Chat.Client.Library.Tests.ChatClientTests.OverwriteLastLine_ShouldBeRaised_IfOneMessageAndAuthorIsWhoseIsLogged" storage="/home/sehernandezc/sergio/cursos_.net_testing_de_aplicaciones.net_con_xunit_y_moq2024/modulo 6  temas adicionales, tipologia, tdd, cobertura/practicas y descargas/lab.240-ejercicio de prácticas/test/chat.client.library.tests/bin/debug/net9.0/chat.client.library.tests.dll" id="e6d82a80-d4a3-0159-f45e-6e36e40c9371">
      <Execution id="93399197-87ae-46fb-b792-cb8bff535eee" />
      <TestMethod codeBase="/home/sehernandezc/sergio/Cursos_.NET_Testing_de_aplicaciones.NET_con_xUnit_y_Moq2024/Modulo 6  temas adicionales, tipologia, TDD, cobertura/Practicas y Descargas/Lab.240-Ejercicio de prácticas/test/Chat.Client.Library.Tests/bin/Debug/net9.0/Chat.Client.Library.Tests.dll" adapterTypeName="executor://xunit/VsTestRunner2/netcoreapp" className="Chat.Client.Library.Tests.ChatClientTests" name="OverwriteLastLine_ShouldBeRaised_IfOneMessageAndAuthorIsWhoseIsLogged" />
    </UnitTest>
    <UnitTest name="Chat.Client.Library.Tests.CryptographyHelperTests.CalculateHash_ShouldBeExpectedHash(password: &quot;How beautiful you are&quot;, expected: &quot;EB80AAFA5B98425B584A4F8B61503F48&quot;)" storage="/home/sehernandezc/sergio/cursos_.net_testing_de_aplicaciones.net_con_xunit_y_moq2024/modulo 6  temas adicionales, tipologia, tdd, cobertura/practicas y descargas/lab.240-ejercicio de prácticas/test/chat.client.library.tests/bin/debug/net9.0/chat.client.library.tests.dll" id="be08b3d6-01a2-98f2-f857-b174697deab4">
      <Execution id="301aebd3-6e8c-418a-aec2-4345ee96bd43" />
      <TestMethod codeBase="/home/sehernandezc/sergio/Cursos_.NET_Testing_de_aplicaciones.NET_con_xUnit_y_Moq2024/Modulo 6  temas adicionales, tipologia, TDD, cobertura/Practicas y Descargas/Lab.240-Ejercicio de prácticas/test/Chat.Client.Library.Tests/bin/Debug/net9.0/Chat.Client.Library.Tests.dll" adapterTypeName="executor://xunit/VsTestRunner2/netcoreapp" className="Chat.Client.Library.Tests.CryptographyHelperTests" name="CalculateHash_ShouldBeExpectedHash" />
    </UnitTest>
    <UnitTest name="Chat.Client.Library.Tests.UserApiClientTests.LoginAsync_ShouldBeNull_IfUserNotExists" storage="/home/sehernandezc/sergio/cursos_.net_testing_de_aplicaciones.net_con_xunit_y_moq2024/modulo 6  temas adicionales, tipologia, tdd, cobertura/practicas y descargas/lab.240-ejercicio de prácticas/test/chat.client.library.tests/bin/debug/net9.0/chat.client.library.tests.dll" id="d9ed0fc5-e96d-a2dd-4d9f-bcab8c0819ec">
      <Execution id="3a33b74e-14b0-4fb0-8dfc-c9884dc7a7ea" />
      <TestMethod codeBase="/home/sehernandezc/sergio/Cursos_.NET_Testing_de_aplicaciones.NET_con_xUnit_y_Moq2024/Modulo 6  temas adicionales, tipologia, TDD, cobertura/Practicas y Descargas/Lab.240-Ejercicio de prácticas/test/Chat.Client.Library.Tests/bin/Debug/net9.0/Chat.Client.Library.Tests.dll" adapterTypeName="executor://xunit/VsTestRunner2/netcoreapp" className="Chat.Client.Library.Tests.UserApiClientTests" name="LoginAsync_ShouldBeNull_IfUserNotExists" />
    </UnitTest>
    <UnitTest name="Chat.Client.Library.Tests.ChatApiClientTests.SendMessageAsync_ShouldBeFalse_IfAuthorIsNullOrEmpty" storage="/home/sehernandezc/sergio/cursos_.net_testing_de_aplicaciones.net_con_xunit_y_moq2024/modulo 6  temas adicionales, tipologia, tdd, cobertura/practicas y descargas/lab.240-ejercicio de prácticas/test/chat.client.library.tests/bin/debug/net9.0/chat.client.library.tests.dll" id="03be180b-54c3-8e98-9a15-bf7c3aa4806d">
      <Execution id="343702ea-bb3a-4a0f-9943-41d27221e660" />
      <TestMethod codeBase="/home/sehernandezc/sergio/Cursos_.NET_Testing_de_aplicaciones.NET_con_xUnit_y_Moq2024/Modulo 6  temas adicionales, tipologia, TDD, cobertura/Practicas y Descargas/Lab.240-Ejercicio de prácticas/test/Chat.Client.Library.Tests/bin/Debug/net9.0/Chat.Client.Library.Tests.dll" adapterTypeName="executor://xunit/VsTestRunner2/netcoreapp" className="Chat.Client.Library.Tests.ChatApiClientTests" name="SendMessageAsync_ShouldBeFalse_IfAuthorIsNullOrEmpty" />
    </UnitTest>
    <UnitTest name="Chat.Client.Library.Tests.UserApiClientTests.LoginAsync_ShouldBeNull_IfUserExistsAndIncorrectPassword" storage="/home/sehernandezc/sergio/cursos_.net_testing_de_aplicaciones.net_con_xunit_y_moq2024/modulo 6  temas adicionales, tipologia, tdd, cobertura/practicas y descargas/lab.240-ejercicio de prácticas/test/chat.client.library.tests/bin/debug/net9.0/chat.client.library.tests.dll" id="c1d71d53-6880-808d-c3fa-b80fbf377dd3">
      <Execution id="648d2730-d893-4a71-a191-537d5a4430e7" />
      <TestMethod codeBase="/home/sehernandezc/sergio/Cursos_.NET_Testing_de_aplicaciones.NET_con_xUnit_y_Moq2024/Modulo 6  temas adicionales, tipologia, TDD, cobertura/Practicas y Descargas/Lab.240-Ejercicio de prácticas/test/Chat.Client.Library.Tests/bin/Debug/net9.0/Chat.Client.Library.Tests.dll" adapterTypeName="executor://xunit/VsTestRunner2/netcoreapp" className="Chat.Client.Library.Tests.UserApiClientTests" name="LoginAsync_ShouldBeNull_IfUserExistsAndIncorrectPassword" />
    </UnitTest>
    <UnitTest name="Chat.Client.Library.Tests.UserApiClientTests.LoginAsync_ShouldBeUser_IfUserExistsAndCorrectPassword" storage="/home/sehernandezc/sergio/cursos_.net_testing_de_aplicaciones.net_con_xunit_y_moq2024/modulo 6  temas adicionales, tipologia, tdd, cobertura/practicas y descargas/lab.240-ejercicio de prácticas/test/chat.client.library.tests/bin/debug/net9.0/chat.client.library.tests.dll" id="e0aecdef-392c-66b3-0a84-fce8ce751f51">
      <Execution id="64d3dd31-64b5-4f7f-a037-0a0312106e29" />
      <TestMethod codeBase="/home/sehernandezc/sergio/Cursos_.NET_Testing_de_aplicaciones.NET_con_xUnit_y_Moq2024/Modulo 6  temas adicionales, tipologia, TDD, cobertura/Practicas y Descargas/Lab.240-Ejercicio de prácticas/test/Chat.Client.Library.Tests/bin/Debug/net9.0/Chat.Client.Library.Tests.dll" adapterTypeName="executor://xunit/VsTestRunner2/netcoreapp" className="Chat.Client.Library.Tests.UserApiClientTests" name="LoginAsync_ShouldBeUser_IfUserExistsAndCorrectPassword" />
    </UnitTest>
    <UnitTest name="Chat.Client.Library.Tests.ChatApiClientTests.SendMessageAsync_ShouldBeTrue_IfAuthorAndMessageAreNotNullOrEmpty" storage="/home/sehernandezc/sergio/cursos_.net_testing_de_aplicaciones.net_con_xunit_y_moq2024/modulo 6  temas adicionales, tipologia, tdd, cobertura/practicas y descargas/lab.240-ejercicio de prácticas/test/chat.client.library.tests/bin/debug/net9.0/chat.client.library.tests.dll" id="262e2064-922c-c249-6b1a-5794ad30eca9">
      <Execution id="6e56fbb5-e80c-424a-b897-cbd0dac8cb6f" />
      <TestMethod codeBase="/home/sehernandezc/sergio/Cursos_.NET_Testing_de_aplicaciones.NET_con_xUnit_y_Moq2024/Modulo 6  temas adicionales, tipologia, TDD, cobertura/Practicas y Descargas/Lab.240-Ejercicio de prácticas/test/Chat.Client.Library.Tests/bin/Debug/net9.0/Chat.Client.Library.Tests.dll" adapterTypeName="executor://xunit/VsTestRunner2/netcoreapp" className="Chat.Client.Library.Tests.ChatApiClientTests" name="SendMessageAsync_ShouldBeTrue_IfAuthorAndMessageAreNotNullOrEmpty" />
    </UnitTest>
    <UnitTest name="Chat.Client.Library.Tests.ChatMessageHelperTests.GenerateString_ShouldBeExpectedMessage" storage="/home/sehernandezc/sergio/cursos_.net_testing_de_aplicaciones.net_con_xunit_y_moq2024/modulo 6  temas adicionales, tipologia, tdd, cobertura/practicas y descargas/lab.240-ejercicio de prácticas/test/chat.client.library.tests/bin/debug/net9.0/chat.client.library.tests.dll" id="5b0a19f6-91ce-4af8-f0c6-24405d7164b5">
      <Execution id="145d6dd3-2ccf-4814-b747-6b7dbb0dba71" />
      <TestMethod codeBase="/home/sehernandezc/sergio/Cursos_.NET_Testing_de_aplicaciones.NET_con_xUnit_y_Moq2024/Modulo 6  temas adicionales, tipologia, TDD, cobertura/Practicas y Descargas/Lab.240-Ejercicio de prácticas/test/Chat.Client.Library.Tests/bin/Debug/net9.0/Chat.Client.Library.Tests.dll" adapterTypeName="executor://xunit/VsTestRunner2/netcoreapp" className="Chat.Client.Library.Tests.ChatMessageHelperTests" name="GenerateString_ShouldBeExpectedMessage" />
    </UnitTest>
    <UnitTest name="Chat.Client.Library.Tests.ChatClientTests.LoginAsync_ShouldBeArgumentNullException_IfArgumentNull" storage="/home/sehernandezc/sergio/cursos_.net_testing_de_aplicaciones.net_con_xunit_y_moq2024/modulo 6  temas adicionales, tipologia, tdd, cobertura/practicas y descargas/lab.240-ejercicio de prácticas/test/chat.client.library.tests/bin/debug/net9.0/chat.client.library.tests.dll" id="f326169e-95a6-edd3-a352-c7cb0e75f7a8">
      <Execution id="f332239e-06c9-4692-8ac0-72ec9db9c775" />
      <TestMethod codeBase="/home/sehernandezc/sergio/Cursos_.NET_Testing_de_aplicaciones.NET_con_xUnit_y_Moq2024/Modulo 6  temas adicionales, tipologia, TDD, cobertura/Practicas y Descargas/Lab.240-Ejercicio de prácticas/test/Chat.Client.Library.Tests/bin/Debug/net9.0/Chat.Client.Library.Tests.dll" adapterTypeName="executor://xunit/VsTestRunner2/netcoreapp" className="Chat.Client.Library.Tests.ChatClientTests" name="LoginAsync_ShouldBeArgumentNullException_IfArgumentNull" />
    </UnitTest>
    <UnitTest name="Chat.Client.Library.Tests.ChatClientTests.OverwriteLastLine_ShouldNotBeRaised_IfMoreThanOneMessage" storage="/home/sehernandezc/sergio/cursos_.net_testing_de_aplicaciones.net_con_xunit_y_moq2024/modulo 6  temas adicionales, tipologia, tdd, cobertura/practicas y descargas/lab.240-ejercicio de prácticas/test/chat.client.library.tests/bin/debug/net9.0/chat.client.library.tests.dll" id="886822af-33e9-4d08-27b9-f5e6e1fcb7c0">
      <Execution id="4ffed6d7-055d-4eaa-b0b6-132070db0a81" />
      <TestMethod codeBase="/home/sehernandezc/sergio/Cursos_.NET_Testing_de_aplicaciones.NET_con_xUnit_y_Moq2024/Modulo 6  temas adicionales, tipologia, TDD, cobertura/Practicas y Descargas/Lab.240-Ejercicio de prácticas/test/Chat.Client.Library.Tests/bin/Debug/net9.0/Chat.Client.Library.Tests.dll" adapterTypeName="executor://xunit/VsTestRunner2/netcoreapp" className="Chat.Client.Library.Tests.ChatClientTests" name="OverwriteLastLine_ShouldNotBeRaised_IfMoreThanOneMessage" />
    </UnitTest>
    <UnitTest name="Chat.Client.Library.Tests.CryptographyHelperTests.CalculateHash_ShouldBeExpectedHash(password: &quot;Agent 007&quot;, expected: &quot;CB01AFE8663B8E0F90E25FD1636C55C3&quot;)" storage="/home/sehernandezc/sergio/cursos_.net_testing_de_aplicaciones.net_con_xunit_y_moq2024/modulo 6  temas adicionales, tipologia, tdd, cobertura/practicas y descargas/lab.240-ejercicio de prácticas/test/chat.client.library.tests/bin/debug/net9.0/chat.client.library.tests.dll" id="8a9d4af7-0da7-754a-2973-40c1119b55e7">
      <Execution id="dc3b854e-6bb5-4c1c-962e-8dd320267e01" />
      <TestMethod codeBase="/home/sehernandezc/sergio/Cursos_.NET_Testing_de_aplicaciones.NET_con_xUnit_y_Moq2024/Modulo 6  temas adicionales, tipologia, TDD, cobertura/Practicas y Descargas/Lab.240-Ejercicio de prácticas/test/Chat.Client.Library.Tests/bin/Debug/net9.0/Chat.Client.Library.Tests.dll" adapterTypeName="executor://xunit/VsTestRunner2/netcoreapp" className="Chat.Client.Library.Tests.CryptographyHelperTests" name="CalculateHash_ShouldBeExpectedHash" />
    </UnitTest>
    <UnitTest name="Chat.Client.Library.Tests.UserApiClientTests.CreateUserAsync_ShouldBeUser_IfUserNotExists" storage="/home/sehernandezc/sergio/cursos_.net_testing_de_aplicaciones.net_con_xunit_y_moq2024/modulo 6  temas adicionales, tipologia, tdd, cobertura/practicas y descargas/lab.240-ejercicio de prácticas/test/chat.client.library.tests/bin/debug/net9.0/chat.client.library.tests.dll" id="5e5f5cdc-689d-b9ea-aa9c-a121ca1a3177">
      <Execution id="ba0fd2ae-7673-4dce-80ed-8940b5a99369" />
      <TestMethod codeBase="/home/sehernandezc/sergio/Cursos_.NET_Testing_de_aplicaciones.NET_con_xUnit_y_Moq2024/Modulo 6  temas adicionales, tipologia, TDD, cobertura/Practicas y Descargas/Lab.240-Ejercicio de prácticas/test/Chat.Client.Library.Tests/bin/Debug/net9.0/Chat.Client.Library.Tests.dll" adapterTypeName="executor://xunit/VsTestRunner2/netcoreapp" className="Chat.Client.Library.Tests.UserApiClientTests" name="CreateUserAsync_ShouldBeUser_IfUserNotExists" />
    </UnitTest>
    <UnitTest name="Chat.Client.Library.Tests.ChatClientTests.LoginAsync_ShouldBeExpectedResult(expected: True, username: &quot;Usuario1&quot;, password: &quot;P2ssw0rd!&quot;)" storage="/home/sehernandezc/sergio/cursos_.net_testing_de_aplicaciones.net_con_xunit_y_moq2024/modulo 6  temas adicionales, tipologia, tdd, cobertura/practicas y descargas/lab.240-ejercicio de prácticas/test/chat.client.library.tests/bin/debug/net9.0/chat.client.library.tests.dll" id="c03cb76b-f689-b650-c5f6-2992ff56c1e3">
      <Execution id="e17a41fa-d399-48b9-a167-9d3842c5964c" />
      <TestMethod codeBase="/home/sehernandezc/sergio/Cursos_.NET_Testing_de_aplicaciones.NET_con_xUnit_y_Moq2024/Modulo 6  temas adicionales, tipologia, TDD, cobertura/Practicas y Descargas/Lab.240-Ejercicio de prácticas/test/Chat.Client.Library.Tests/bin/Debug/net9.0/Chat.Client.Library.Tests.dll" adapterTypeName="executor://xunit/VsTestRunner2/netcoreapp" className="Chat.Client.Library.Tests.ChatClientTests" name="LoginAsync_ShouldBeExpectedResult" />
    </UnitTest>
    <UnitTest name="Chat.Client.Library.Tests.ChatClientTests.SendMessageAsync_ShouldBeFalse_IfNotLogged" storage="/home/sehernandezc/sergio/cursos_.net_testing_de_aplicaciones.net_con_xunit_y_moq2024/modulo 6  temas adicionales, tipologia, tdd, cobertura/practicas y descargas/lab.240-ejercicio de prácticas/test/chat.client.library.tests/bin/debug/net9.0/chat.client.library.tests.dll" id="bc3d1e6f-59e3-f8d7-8b66-0e4ab70ef9a1">
      <Execution id="37ab8112-5917-4213-81df-a5455e54a1ae" />
      <TestMethod codeBase="/home/sehernandezc/sergio/Cursos_.NET_Testing_de_aplicaciones.NET_con_xUnit_y_Moq2024/Modulo 6  temas adicionales, tipologia, TDD, cobertura/Practicas y Descargas/Lab.240-Ejercicio de prácticas/test/Chat.Client.Library.Tests/bin/Debug/net9.0/Chat.Client.Library.Tests.dll" adapterTypeName="executor://xunit/VsTestRunner2/netcoreapp" className="Chat.Client.Library.Tests.ChatClientTests" name="SendMessageAsync_ShouldBeFalse_IfNotLogged" />
    </UnitTest>
    <UnitTest name="Chat.Client.Library.Tests.ChatClientTests.CreateUserAsync_ShouldBeExpectedResult(expected: True, username: &quot;Usuario1&quot;, password: &quot;P2ssw0rd!&quot;)" storage="/home/sehernandezc/sergio/cursos_.net_testing_de_aplicaciones.net_con_xunit_y_moq2024/modulo 6  temas adicionales, tipologia, tdd, cobertura/practicas y descargas/lab.240-ejercicio de prácticas/test/chat.client.library.tests/bin/debug/net9.0/chat.client.library.tests.dll" id="3b263af1-ec46-6dd1-357b-5dd12ef32cbd">
      <Execution id="658d7d37-dc70-4dfe-bd25-5cbfac98aaab" />
      <TestMethod codeBase="/home/sehernandezc/sergio/Cursos_.NET_Testing_de_aplicaciones.NET_con_xUnit_y_Moq2024/Modulo 6  temas adicionales, tipologia, TDD, cobertura/Practicas y Descargas/Lab.240-Ejercicio de prácticas/test/Chat.Client.Library.Tests/bin/Debug/net9.0/Chat.Client.Library.Tests.dll" adapterTypeName="executor://xunit/VsTestRunner2/netcoreapp" className="Chat.Client.Library.Tests.ChatClientTests" name="CreateUserAsync_ShouldBeExpectedResult" />
    </UnitTest>
    <UnitTest name="Chat.Client.Library.Tests.UserApiClientTests.LoginAsync_ShouldBeNull_IfHttpRequestException" storage="/home/sehernandezc/sergio/cursos_.net_testing_de_aplicaciones.net_con_xunit_y_moq2024/modulo 6  temas adicionales, tipologia, tdd, cobertura/practicas y descargas/lab.240-ejercicio de prácticas/test/chat.client.library.tests/bin/debug/net9.0/chat.client.library.tests.dll" id="9c9b7b5e-8d5c-9d9b-d153-23cf46ee3429">
      <Execution id="790117eb-c036-462d-a2c7-d0b3c249dd7d" />
      <TestMethod codeBase="/home/sehernandezc/sergio/Cursos_.NET_Testing_de_aplicaciones.NET_con_xUnit_y_Moq2024/Modulo 6  temas adicionales, tipologia, TDD, cobertura/Practicas y Descargas/Lab.240-Ejercicio de prácticas/test/Chat.Client.Library.Tests/bin/Debug/net9.0/Chat.Client.Library.Tests.dll" adapterTypeName="executor://xunit/VsTestRunner2/netcoreapp" className="Chat.Client.Library.Tests.UserApiClientTests" name="LoginAsync_ShouldBeNull_IfHttpRequestException" />
    </UnitTest>
    <UnitTest name="Chat.Client.Library.Tests.UserApiClientTests.CreateUserAsync_ShouldBeNull_IfHttpRequestException" storage="/home/sehernandezc/sergio/cursos_.net_testing_de_aplicaciones.net_con_xunit_y_moq2024/modulo 6  temas adicionales, tipologia, tdd, cobertura/practicas y descargas/lab.240-ejercicio de prácticas/test/chat.client.library.tests/bin/debug/net9.0/chat.client.library.tests.dll" id="87786916-880b-f476-9816-9f840792f5ed">
      <Execution id="cb7de8cf-5100-4a11-8f2a-b2ad5cf9206c" />
      <TestMethod codeBase="/home/sehernandezc/sergio/Cursos_.NET_Testing_de_aplicaciones.NET_con_xUnit_y_Moq2024/Modulo 6  temas adicionales, tipologia, TDD, cobertura/Practicas y Descargas/Lab.240-Ejercicio de prácticas/test/Chat.Client.Library.Tests/bin/Debug/net9.0/Chat.Client.Library.Tests.dll" adapterTypeName="executor://xunit/VsTestRunner2/netcoreapp" className="Chat.Client.Library.Tests.UserApiClientTests" name="CreateUserAsync_ShouldBeNull_IfHttpRequestException" />
    </UnitTest>
    <UnitTest name="Chat.Client.Library.Tests.ChatClientTests.SendMessageAsync_ShouldBeTrue_IfLoggedAndConnected" storage="/home/sehernandezc/sergio/cursos_.net_testing_de_aplicaciones.net_con_xunit_y_moq2024/modulo 6  temas adicionales, tipologia, tdd, cobertura/practicas y descargas/lab.240-ejercicio de prácticas/test/chat.client.library.tests/bin/debug/net9.0/chat.client.library.tests.dll" id="07d2ac0c-5941-21dc-41e9-110102b7595a">
      <Execution id="1fa24cd9-315b-4a1d-b332-0d4333f8f7b2" />
      <TestMethod codeBase="/home/sehernandezc/sergio/Cursos_.NET_Testing_de_aplicaciones.NET_con_xUnit_y_Moq2024/Modulo 6  temas adicionales, tipologia, TDD, cobertura/Practicas y Descargas/Lab.240-Ejercicio de prácticas/test/Chat.Client.Library.Tests/bin/Debug/net9.0/Chat.Client.Library.Tests.dll" adapterTypeName="executor://xunit/VsTestRunner2/netcoreapp" className="Chat.Client.Library.Tests.ChatClientTests" name="SendMessageAsync_ShouldBeTrue_IfLoggedAndConnected" />
    </UnitTest>
    <UnitTest name="Chat.Client.Library.Tests.ChatClientTests.NewMessageRecived_ShouldBeRaised_IfConnect" storage="/home/sehernandezc/sergio/cursos_.net_testing_de_aplicaciones.net_con_xunit_y_moq2024/modulo 6  temas adicionales, tipologia, tdd, cobertura/practicas y descargas/lab.240-ejercicio de prácticas/test/chat.client.library.tests/bin/debug/net9.0/chat.client.library.tests.dll" id="bbd90820-8bf0-41c9-b3f0-c47094b33f42">
      <Execution id="576d196a-2914-4308-b0ad-b909ae7f6be1" />
      <TestMethod codeBase="/home/sehernandezc/sergio/Cursos_.NET_Testing_de_aplicaciones.NET_con_xUnit_y_Moq2024/Modulo 6  temas adicionales, tipologia, TDD, cobertura/Practicas y Descargas/Lab.240-Ejercicio de prácticas/test/Chat.Client.Library.Tests/bin/Debug/net9.0/Chat.Client.Library.Tests.dll" adapterTypeName="executor://xunit/VsTestRunner2/netcoreapp" className="Chat.Client.Library.Tests.ChatClientTests" name="NewMessageRecived_ShouldBeRaised_IfConnect" />
    </UnitTest>
    <UnitTest name="Chat.Client.Library.Tests.ChatClientTests.OverwriteLastLine_ShouldNotBeRaised_IfOneMessageAndAuthorIsOther" storage="/home/sehernandezc/sergio/cursos_.net_testing_de_aplicaciones.net_con_xunit_y_moq2024/modulo 6  temas adicionales, tipologia, tdd, cobertura/practicas y descargas/lab.240-ejercicio de prácticas/test/chat.client.library.tests/bin/debug/net9.0/chat.client.library.tests.dll" id="6129790a-45a3-a834-e804-994a266931db">
      <Execution id="62064249-79ce-4957-9893-5ee576ed6701" />
      <TestMethod codeBase="/home/sehernandezc/sergio/Cursos_.NET_Testing_de_aplicaciones.NET_con_xUnit_y_Moq2024/Modulo 6  temas adicionales, tipologia, TDD, cobertura/Practicas y Descargas/Lab.240-Ejercicio de prácticas/test/Chat.Client.Library.Tests/bin/Debug/net9.0/Chat.Client.Library.Tests.dll" adapterTypeName="executor://xunit/VsTestRunner2/netcoreapp" className="Chat.Client.Library.Tests.ChatClientTests" name="OverwriteLastLine_ShouldNotBeRaised_IfOneMessageAndAuthorIsOther" />
    </UnitTest>
    <UnitTest name="Chat.Client.Library.Tests.ChatApiClientTests.SendMessageAsync_ShouldBeFalse_IfMessageIsNullOrEmpty" storage="/home/sehernandezc/sergio/cursos_.net_testing_de_aplicaciones.net_con_xunit_y_moq2024/modulo 6  temas adicionales, tipologia, tdd, cobertura/practicas y descargas/lab.240-ejercicio de prácticas/test/chat.client.library.tests/bin/debug/net9.0/chat.client.library.tests.dll" id="5277c181-438a-288a-47ce-6e6ea5e515d6">
      <Execution id="95132b9f-1473-4666-9723-af00caf26ae8" />
      <TestMethod codeBase="/home/sehernandezc/sergio/Cursos_.NET_Testing_de_aplicaciones.NET_con_xUnit_y_Moq2024/Modulo 6  temas adicionales, tipologia, TDD, cobertura/Practicas y Descargas/Lab.240-Ejercicio de prácticas/test/Chat.Client.Library.Tests/bin/Debug/net9.0/Chat.Client.Library.Tests.dll" adapterTypeName="executor://xunit/VsTestRunner2/netcoreapp" className="Chat.Client.Library.Tests.ChatApiClientTests" name="SendMessageAsync_ShouldBeFalse_IfMessageIsNullOrEmpty" />
    </UnitTest>
    <UnitTest name="Chat.Client.Library.Tests.ChatClientTests.CreateUserAsync_ShouldBeExpectedResult(expected: False, username: &quot;Usuario2&quot;, password: &quot;&quot;)" storage="/home/sehernandezc/sergio/cursos_.net_testing_de_aplicaciones.net_con_xunit_y_moq2024/modulo 6  temas adicionales, tipologia, tdd, cobertura/practicas y descargas/lab.240-ejercicio de prácticas/test/chat.client.library.tests/bin/debug/net9.0/chat.client.library.tests.dll" id="7e39da24-074e-aa46-2187-02606e09f3ac">
      <Execution id="d025e600-fa8a-4827-8e2c-b566c334a4cc" />
      <TestMethod codeBase="/home/sehernandezc/sergio/Cursos_.NET_Testing_de_aplicaciones.NET_con_xUnit_y_Moq2024/Modulo 6  temas adicionales, tipologia, TDD, cobertura/Practicas y Descargas/Lab.240-Ejercicio de prácticas/test/Chat.Client.Library.Tests/bin/Debug/net9.0/Chat.Client.Library.Tests.dll" adapterTypeName="executor://xunit/VsTestRunner2/netcoreapp" className="Chat.Client.Library.Tests.ChatClientTests" name="CreateUserAsync_ShouldBeExpectedResult" />
    </UnitTest>
    <UnitTest name="Chat.Client.Library.Tests.CryptographyHelperTests.CalculateHash_ShouldBeExpectedHash(password: &quot;P2ssw0rd!&quot;, expected: &quot;52EEB7C9152B99A843345EF76FFD6411&quot;)" storage="/home/sehernandezc/sergio/cursos_.net_testing_de_aplicaciones.net_con_xunit_y_moq2024/modulo 6  temas adicionales, tipologia, tdd, cobertura/practicas y descargas/lab.240-ejercicio de prácticas/test/chat.client.library.tests/bin/debug/net9.0/chat.client.library.tests.dll" id="a8c8e247-5b95-cf29-ea76-1a8f6f75c0df">
      <Execution id="8a78b33b-85d0-47aa-93ef-6167c1b7014c" />
      <TestMethod codeBase="/home/sehernandezc/sergio/Cursos_.NET_Testing_de_aplicaciones.NET_con_xUnit_y_Moq2024/Modulo 6  temas adicionales, tipologia, TDD, cobertura/Practicas y Descargas/Lab.240-Ejercicio de prácticas/test/Chat.Client.Library.Tests/bin/Debug/net9.0/Chat.Client.Library.Tests.dll" adapterTypeName="executor://xunit/VsTestRunner2/netcoreapp" className="Chat.Client.Library.Tests.CryptographyHelperTests" name="CalculateHash_ShouldBeExpectedHash" />
    </UnitTest>
  </TestDefinitions>
  <TestEntries>
    <TestEntry testId="e6d82a80-d4a3-0159-f45e-6e36e40c9371" executionId="93399197-87ae-46fb-b792-cb8bff535eee" testListId="8c84fa94-04c1-424b-9868-57a2d4851a1d" />
    <TestEntry testId="bbd90820-8bf0-41c9-b3f0-c47094b33f42" executionId="576d196a-2914-4308-b0ad-b909ae7f6be1" testListId="8c84fa94-04c1-424b-9868-57a2d4851a1d" />
    <TestEntry testId="e0aecdef-392c-66b3-0a84-fce8ce751f51" executionId="64d3dd31-64b5-4f7f-a037-0a0312106e29" testListId="8c84fa94-04c1-424b-9868-57a2d4851a1d" />
    <TestEntry testId="bc3d1e6f-59e3-f8d7-8b66-0e4ab70ef9a1" executionId="37ab8112-5917-4213-81df-a5455e54a1ae" testListId="8c84fa94-04c1-424b-9868-57a2d4851a1d" />
    <TestEntry testId="886822af-33e9-4d08-27b9-f5e6e1fcb7c0" executionId="4ffed6d7-055d-4eaa-b0b6-132070db0a81" testListId="8c84fa94-04c1-424b-9868-57a2d4851a1d" />
    <TestEntry testId="03be180b-54c3-8e98-9a15-bf7c3aa4806d" executionId="343702ea-bb3a-4a0f-9943-41d27221e660" testListId="8c84fa94-04c1-424b-9868-57a2d4851a1d" />
    <TestEntry testId="9c9b7b5e-8d5c-9d9b-d153-23cf46ee3429" executionId="790117eb-c036-462d-a2c7-d0b3c249dd7d" testListId="8c84fa94-04c1-424b-9868-57a2d4851a1d" />
    <TestEntry testId="87786916-880b-f476-9816-9f840792f5ed" executionId="cb7de8cf-5100-4a11-8f2a-b2ad5cf9206c" testListId="8c84fa94-04c1-424b-9868-57a2d4851a1d" />
    <TestEntry testId="6129790a-45a3-a834-e804-994a266931db" executionId="62064249-79ce-4957-9893-5ee576ed6701" testListId="8c84fa94-04c1-424b-9868-57a2d4851a1d" />
    <TestEntry testId="5e5f5cdc-689d-b9ea-aa9c-a121ca1a3177" executionId="ba0fd2ae-7673-4dce-80ed-8940b5a99369" testListId="8c84fa94-04c1-424b-9868-57a2d4851a1d" />
    <TestEntry testId="f326169e-95a6-edd3-a352-c7cb0e75f7a8" executionId="f332239e-06c9-4692-8ac0-72ec9db9c775" testListId="8c84fa94-04c1-424b-9868-57a2d4851a1d" />
    <TestEntry testId="1c3ffc7e-d0c6-4756-49b4-b7562cd99d23" executionId="32b9b8b1-9574-4b53-8292-83ac9daba00c" testListId="8c84fa94-04c1-424b-9868-57a2d4851a1d" />
    <TestEntry testId="07d2ac0c-5941-21dc-41e9-110102b7595a" executionId="1fa24cd9-315b-4a1d-b332-0d4333f8f7b2" testListId="8c84fa94-04c1-424b-9868-57a2d4851a1d" />
    <TestEntry testId="8a9d4af7-0da7-754a-2973-40c1119b55e7" executionId="dc3b854e-6bb5-4c1c-962e-8dd320267e01" testListId="8c84fa94-04c1-424b-9868-57a2d4851a1d" />
    <TestEntry testId="c1d71d53-6880-808d-c3fa-b80fbf377dd3" executionId="648d2730-d893-4a71-a191-537d5a4430e7" testListId="8c84fa94-04c1-424b-9868-57a2d4851a1d" />
    <TestEntry testId="5277c181-438a-288a-47ce-6e6ea5e515d6" executionId="95132b9f-1473-4666-9723-af00caf26ae8" testListId="8c84fa94-04c1-424b-9868-57a2d4851a1d" />
    <TestEntry testId="7e39da24-074e-aa46-2187-02606e09f3ac" executionId="d025e600-fa8a-4827-8e2c-b566c334a4cc" testListId="8c84fa94-04c1-424b-9868-57a2d4851a1d" />
    <TestEntry testId="c2d6efb8-c877-2b88-60fa-73d2fea29ef7" executionId="01e97c2e-a9be-428f-be64-9aec6c23bb93" testListId="8c84fa94-04c1-424b-9868-57a2d4851a1d" />
    <TestEntry testId="5b0a19f6-91ce-4af8-f0c6-24405d7164b5" executionId="8e472c28-d21b-43f5-9d12-8a59b8326ab0" testListId="8c84fa94-04c1-424b-9868-57a2d4851a1d" />
    <TestEntry testId="a8c8e247-5b95-cf29-ea76-1a8f6f75c0df" executionId="8a78b33b-85d0-47aa-93ef-6167c1b7014c" testListId="8c84fa94-04c1-424b-9868-57a2d4851a1d" />
    <TestEntry testId="f71cfa62-4ee6-f559-e68c-6c50ff6d70aa" executionId="bbdf02ed-096b-4afa-95c6-e826d29ea44c" testListId="8c84fa94-04c1-424b-9868-57a2d4851a1d" />
    <TestEntry testId="c03cb76b-f689-b650-c5f6-2992ff56c1e3" executionId="e17a41fa-d399-48b9-a167-9d3842c5964c" testListId="8c84fa94-04c1-424b-9868-57a2d4851a1d" />
    <TestEntry testId="5b0a19f6-91ce-4af8-f0c6-24405d7164b5" executionId="ab89a738-b249-4f13-8b53-e03c30c9458c" testListId="8c84fa94-04c1-424b-9868-57a2d4851a1d" />
    <TestEntry testId="534aaada-bca1-534a-7cb0-ac746728d66d" executionId="e977ba93-d979-4b46-9150-2eb47d73eeee" testListId="8c84fa94-04c1-424b-9868-57a2d4851a1d" />
    <TestEntry testId="5b0a19f6-91ce-4af8-f0c6-24405d7164b5" executionId="145d6dd3-2ccf-4814-b747-6b7dbb0dba71" testListId="8c84fa94-04c1-424b-9868-57a2d4851a1d" />
    <TestEntry testId="be08b3d6-01a2-98f2-f857-b174697deab4" executionId="301aebd3-6e8c-418a-aec2-4345ee96bd43" testListId="8c84fa94-04c1-424b-9868-57a2d4851a1d" />
    <TestEntry testId="d9ed0fc5-e96d-a2dd-4d9f-bcab8c0819ec" executionId="3a33b74e-14b0-4fb0-8dfc-c9884dc7a7ea" testListId="8c84fa94-04c1-424b-9868-57a2d4851a1d" />
    <TestEntry testId="3b263af1-ec46-6dd1-357b-5dd12ef32cbd" executionId="658d7d37-dc70-4dfe-bd25-5cbfac98aaab" testListId="8c84fa94-04c1-424b-9868-57a2d4851a1d" />
    <TestEntry testId="262e2064-922c-c249-6b1a-5794ad30eca9" executionId="6e56fbb5-e80c-424a-b897-cbd0dac8cb6f" testListId="8c84fa94-04c1-424b-9868-57a2d4851a1d" />
  </TestEntries>
  <TestLists>
    <TestList name="Results Not in a List" id="8c84fa94-04c1-424b-9868-57a2d4851a1d" />
    <TestList name="All Loaded Results" id="19431567-8539-422a-85d7-44ee4e166bda" />
  </TestLists>
  <ResultSummary outcome="Completed">
    <Counters total="29" executed="29" passed="29" failed="0" error="0" timeout="0" aborted="0" inconclusive="0" passedButRunAborted="0" notRunnable="0" notExecuted="0" disconnected="0" warning="0" completed="0" inProgress="0" pending="0" />
    <Output>
      <StdOut>[xUnit.net 00:00:00.00] xUnit.net VSTest Adapter v2.5.4.1+b9eacec401 (64-bit .NET 9.0.0-preview.2.24128.5)
[xUnit.net 00:00:00.04]   Discovering: Chat.Client.Library.Tests
[xUnit.net 00:00:00.08]   Discovered:  Chat.Client.Library.Tests
[xUnit.net 00:00:00.08]   Starting:    Chat.Client.Library.Tests
[xUnit.net 00:00:00.59]   Finished:    Chat.Client.Library.Tests
</StdOut>
    </Output>
  </ResultSummary>
</TestRun>